[sequencediagram.org/index.html]
[backblue.gif]
[fade.gif]
[index.html]
[sequencediagram.org/sequencediagramorg.png]
[sequencediagram.org/favicon.ico]
[sequencediagram.org/libs/lz-string.min.js]
[sequencediagram.org/libs/canvas2svg.min.js]
[sequencediagram.org/libs/codemirror.css]
[sequencediagram.org/libs/codemirror.js]
[sequencediagram.org/libs/show-hint.css]
[sequencediagram.org/libs/show-hint.js]
[sequencediagram.org/libs/active-line.js]
[sequencediagram.org/libs/rbush.min.js]
[sequencediagram.org/index62fd.css]
[sequencediagram.org/print62fd.css]
[sequencediagram.org/all.min62fd.js]
[sequencediagram.org/assets/logo.svg]
[sequencediagram.org/paypal/btn_donateCC_LG.png]
[sequencediagram.org/assets/instructions.svg]
[sequencediagram.org/assets/participant01.svg]
[sequencediagram.org/assets/zoomin.svg]
[sequencediagram.org/assets/zoomout.svg]
[sequencediagram.org/assets/export01.svg]
[sequencediagram.org/assets/url.svg]
[sequencediagram.org/assets/open.svg]
[sequencediagram.org/assets/save.svg]
[sequencediagram.org/assets/pnghq.svg]
[sequencediagram.org/assets/jpglq.svg]
[sequencediagram.org/assets/svg.svg]
[sequencediagram.org/assets/info.svg]
[sequencediagram.org/releasenotes.txt]
[sequencediagram.org/legacy651/index.html]
[sequencediagram.org/legacy502/index.html]
[sequencediagram.org/legacy471/index.html]
[sequencediagram.org/assets/closeicon.png]
[sequencediagram.org/instructionimages/largeexample.png]
[sequencediagram.org/instructionimages/title.png]
[sequencediagram.org/instructionimages/participant.png]
[sequencediagram.org/instructionimages/actor.png]
[sequencediagram.org/instructionimages/boundary.png]
[sequencediagram.org/instructionimages/control.png]
[sequencediagram.org/instructionimages/database.png]
[sequencediagram.org/instructionimages/entity.png]
[sequencediagram.org/instructionimages/actorMultiline.png]
[sequencediagram.org/instructionimages/participantMultiline.png]
[sequencediagram.org/instructionimages/fontawesome.png]
[sequencediagram.org/instructionimages/materialdesignicons.png]
[sequencediagram.org/instructionimages/syncreqresp.png]
[sequencediagram.org/instructionimages/asyncreqresp.png]
[sequencediagram.org/instructionimages/selfmessage.png]
[sequencediagram.org/instructionimages/noninstantaneousmessage.png]
[sequencediagram.org/instructionimages/spacenoninstantaneousmessage.png]
[sequencediagram.org/instructionimages/noteover.png]
[sequencediagram.org/instructionimages/notesides.png]
[sequencediagram.org/instructionimages/boxover.png]
[sequencediagram.org/instructionimages/boxsides.png]
[sequencediagram.org/instructionimages/aboxover.png]
[sequencediagram.org/instructionimages/aboxsides.png]
[sequencediagram.org/instructionimages/rboxover.png]
[sequencediagram.org/instructionimages/rboxsides.png]
[sequencediagram.org/instructionimages/references.png]
[sequencediagram.org/instructionimages/divider.png]
[sequencediagram.org/instructionimages/createMessageDestroy.png]
[sequencediagram.org/instructionimages/createAndDestroy.png]
[sequencediagram.org/instructionimages/destroySilent.png]
[sequencediagram.org/instructionimages/activationcallback.png]
[sequencediagram.org/instructionimages/activationselfref.png]
[sequencediagram.org/instructionimages/space.png]
[sequencediagram.org/instructionimages/opt.png]
[sequencediagram.org/instructionimages/alt.png]
[sequencediagram.org/instructionimages/loop.png]
[sequencediagram.org/instructionimages/parThread.png]
[sequencediagram.org/instructionimages/par.png]
[sequencediagram.org/instructionimages/group.png]
[sequencediagram.org/instructionimages/expandable.png]
[sequencediagram.org/instructionimages/participantgroup1.png]
[sequencediagram.org/instructionimages/participantgroup2.png]
[sequencediagram.org/instructionimages/link.png]
[sequencediagram.org/instructionimages/textstyle.png]
[sequencediagram.org/instructionimages/textStyleColor.png]
[sequencediagram.org/instructionimages/textStyleMonospaced.png]
[sequencediagram.org/instructionimages/colorparticpant.png]
[sequencediagram.org/instructionimages/colordivider.png]
[sequencediagram.org/instructionimages/colorboxnote.png]
[sequencediagram.org/instructionimages/colormessage.png]
[sequencediagram.org/instructionimages/coloractivation.png]
[sequencediagram.org/instructionimages/colorfragment.png]
[sequencediagram.org/instructionimages/fragmentLabelTextColor.png]
[sequencediagram.org/instructionimages/activeColor.png]
[sequencediagram.org/instructionimages/fontfamily.png]
[sequencediagram.org/instructionimages/autonumber.png]
[sequencediagram.org/instructionimages/linear.png]
[sequencediagram.org/instructionimages/parallel.png]
[sequencediagram.org/instructionimages/participantspacing.png]
[sequencediagram.org/instructionimages/entryspacing.png]
[sequencediagram.org/instructionimages/lifeLineColor.png]
[sequencediagram.org/instructionimages/lifeLineWeight.png]
[sequencediagram.org/LICENSE.txt]
[sequencediagram.org/README.txt]
[sequencediagram.org/libs/lz-string-LICENSE.txt]
[sequencediagram.org/libs/canvas2svg-LICENSE.txt]
[sequencediagram.org/libs/codemirror-LICENSE.txt]
[sequencediagram.org/libs/fontawesome-webfont-LICENSE.txt]
[sequencediagram.org/libs/materialdesignicons-webfont-LICENSE.txt]
[sequencediagram.org/libs/materialdesigniconsbygoogle-LICENSE.txt]
[sequencediagram.org/index.html]
[sequencediagram.org/libs/codemirror.css]
[sequencediagram.org/libs/show-hint.css]
[sequencediagram.org/libs/rbush-LICENSE.txt]
[sequencediagram.org/libs/fontawesome-webfont.woff]
[sequencediagram.org/libs/materialdesignicons-webfont.woff]
[sequencediagram.org/index62fd.css]
[sequencediagram.org/print62fd.css]
[sequencediagram.org/assets/logo.svg]
[sequencediagram.org/assets/instructions.svg]
[sequencediagram.org/assets/participant01.svg]
[sequencediagram.org/assets/zoomin.svg]
[sequencediagram.org/assets/zoomout.svg]
[sequencediagram.org/assets/export01.svg]
[sequencediagram.org/assets/url.svg]
[sequencediagram.org/assets/open.svg]
[sequencediagram.org/assets/save.svg]
[sequencediagram.org/assets/pnghq.svg]
[sequencediagram.org/assets/jpglq.svg]
[sequencediagram.org/assets/svg.svg]
[sequencediagram.org/assets/info.svg]
[sequencediagram.org/assets/header300.svg]
[sequencediagram.org/legacy651/favicon.ico]
[sequencediagram.org/legacy651/libs/lz-string.min.js]
[sequencediagram.org/legacy651/libs/canvas2svg.min.js]
[sequencediagram.org/legacy651/libs/codemirror.js]
[sequencediagram.org/legacy651/libs/codemirror.css]
[sequencediagram.org/legacy651/libs/show-hint.css]
[sequencediagram.org/legacy651/libs/show-hint.js]
[sequencediagram.org/legacy651/libs/active-line.js]
[sequencediagram.org/legacy651/libs/rbush.min.js]
[sequencediagram.org/legacy651/indexa5a6.css]
[sequencediagram.org/legacy651/all.mina5a6.js]
[sequencediagram.org/legacy651/assets/logo.svg]
[sequencediagram.org/legacy651/paypal/btn_donateCC_LG.png]
[sequencediagram.org/legacy651/assets/instructions.svg]
[sequencediagram.org/legacy651/assets/participant01.svg]
[sequencediagram.org/legacy651/assets/zoomin.svg]
[sequencediagram.org/legacy651/assets/zoomout.svg]
[sequencediagram.org/legacy651/assets/export01.svg]
[sequencediagram.org/legacy651/assets/url.svg]
[sequencediagram.org/legacy651/assets/open.svg]
[sequencediagram.org/legacy651/assets/save.svg]
[sequencediagram.org/legacy651/assets/pnghq.svg]
[sequencediagram.org/legacy651/assets/jpglq.svg]
[sequencediagram.org/legacy651/assets/svg.svg]
[sequencediagram.org/legacy651/assets/info.svg]
[sequencediagram.org/legacy651/releasenotes.txt]
[sequencediagram.org/legacy651/legacy502/index.html]
[sequencediagram.org/legacy651/legacy471/index.html]
[sequencediagram.org/legacy651/assets/closeicon.png]
[sequencediagram.org/legacy651/instructionimages/largeexample.png]
[sequencediagram.org/legacy651/instructionimages/title.png]
[sequencediagram.org/legacy651/instructionimages/participant.png]
[sequencediagram.org/legacy651/instructionimages/actor.png]
[sequencediagram.org/legacy651/instructionimages/boundary.png]
[sequencediagram.org/legacy651/instructionimages/control.png]
[sequencediagram.org/legacy651/instructionimages/database.png]
[sequencediagram.org/legacy651/instructionimages/entity.png]
[sequencediagram.org/legacy651/instructionimages/actorMultiline.png]
[sequencediagram.org/legacy651/instructionimages/participantMultiline.png]
[sequencediagram.org/legacy651/instructionimages/fontawesome.png]
[sequencediagram.org/legacy651/instructionimages/materialdesignicons.png]
[sequencediagram.org/legacy651/instructionimages/syncreqresp.png]
[sequencediagram.org/legacy651/instructionimages/asyncreqresp.png]
[sequencediagram.org/legacy651/instructionimages/selfmessage.png]
[sequencediagram.org/legacy651/instructionimages/noteover.png]
[sequencediagram.org/legacy651/instructionimages/notesides.png]
[sequencediagram.org/legacy651/instructionimages/boxover.png]
[sequencediagram.org/legacy651/instructionimages/boxsides.png]
[sequencediagram.org/legacy651/instructionimages/aboxover.png]
[sequencediagram.org/legacy651/instructionimages/aboxsides.png]
[sequencediagram.org/legacy651/instructionimages/rboxover.png]
[sequencediagram.org/legacy651/instructionimages/rboxsides.png]
[sequencediagram.org/legacy651/instructionimages/references.png]
[sequencediagram.org/legacy651/instructionimages/divider.png]
[sequencediagram.org/legacy651/instructionimages/createMessageDestroy.png]
[sequencediagram.org/legacy651/instructionimages/createAndDestroy.png]
[sequencediagram.org/legacy651/instructionimages/destroySilent.png]
[sequencediagram.org/legacy651/instructionimages/activationcallback.png]
[sequencediagram.org/legacy651/instructionimages/activationselfref.png]
[sequencediagram.org/legacy651/instructionimages/space.png]
[sequencediagram.org/legacy651/instructionimages/opt.png]
[sequencediagram.org/legacy651/instructionimages/alt.png]
[sequencediagram.org/legacy651/instructionimages/loop.png]
[sequencediagram.org/legacy651/instructionimages/par.png]
[sequencediagram.org/legacy651/instructionimages/group.png]
[sequencediagram.org/legacy651/instructionimages/expandable.png]
[sequencediagram.org/legacy651/instructionimages/textstyle.png]
[sequencediagram.org/legacy651/instructionimages/textStyleColor.png]
[sequencediagram.org/legacy651/instructionimages/colorparticpant.png]
[sequencediagram.org/legacy651/instructionimages/colordivider.png]
[sequencediagram.org/legacy651/instructionimages/colorboxnote.png]
[sequencediagram.org/legacy651/instructionimages/colormessage.png]
[sequencediagram.org/legacy651/instructionimages/coloractivation.png]
[sequencediagram.org/legacy651/instructionimages/activeColor.png]
[sequencediagram.org/legacy651/instructionimages/fontfamily.png]
[sequencediagram.org/legacy651/instructionimages/autonumber.png]
[sequencediagram.org/legacy651/instructionimages/linear.png]
[sequencediagram.org/legacy651/instructionimages/parallel.png]
[sequencediagram.org/legacy651/instructionimages/participantspacing.png]
[sequencediagram.org/legacy651/instructionimages/entryspacing.png]
[sequencediagram.org/legacy651/instructionimages/lifeLineColor.png]
[sequencediagram.org/legacy651/instructionimages/lifeLineWeight.png]
[sequencediagram.org/legacy651/libs/lz-string-LICENSE.txt]
[sequencediagram.org/legacy651/libs/canvas2svg-LICENSE.txt]
[sequencediagram.org/legacy651/libs/codemirror-LICENSE.txt]
[sequencediagram.org/legacy651/libs/fontawesome-webfont-LICENSE.txt]
[sequencediagram.org/legacy651/libs/materialdesignicons-webfont-LICENSE.txt]
[sequencediagram.org/legacy651/libs/materialdesigniconsbygoogle-LICENSE.txt]
[sequencediagram.org/legacy651/index.html]
[sequencediagram.org/legacy651/libs/rbush-LICENSE.txt]
[sequencediagram.org/legacy502/favicon.ico]
[sequencediagram.org/legacy502/libs/lz-string.min.js]
[sequencediagram.org/legacy502/libs/canvas2svg.min.js]
[sequencediagram.org/legacy502/libs/codemirror.js]
[sequencediagram.org/legacy502/libs/codemirror.css]
[sequencediagram.org/legacy502/libs/show-hint.css]
[sequencediagram.org/legacy502/libs/show-hint.js]
[sequencediagram.org/legacy502/libs/active-line.js]
[sequencediagram.org/legacy502/index006a.css]
[sequencediagram.org/legacy502/all.min006a.js]
[sequencediagram.org/legacy502/assets/logo.svg]
[sequencediagram.org/legacy502/paypal/btn_donateCC_LG.png]
[sequencediagram.org/legacy502/assets/instructions.svg]
[sequencediagram.org/legacy502/assets/participant01.svg]
[sequencediagram.org/legacy502/assets/zoomin.svg]
[sequencediagram.org/legacy502/assets/zoomout.svg]
[sequencediagram.org/legacy502/assets/export01.svg]
[sequencediagram.org/legacy502/assets/url.svg]
[sequencediagram.org/legacy502/assets/open.svg]
[sequencediagram.org/legacy502/assets/save.svg]
[sequencediagram.org/legacy502/assets/pnghq.svg]
[sequencediagram.org/legacy502/assets/jpglq.svg]
[sequencediagram.org/legacy502/assets/svg.svg]
[sequencediagram.org/legacy502/assets/info.svg]
[sequencediagram.org/legacy502/releasenotes.txt]
[sequencediagram.org/legacy502/legacy471/index.html]
[sequencediagram.org/legacy502/assets/closeicon.png]
[sequencediagram.org/legacy502/instructionimages/largeexample.png]
[sequencediagram.org/legacy502/instructionimages/title.png]
[sequencediagram.org/legacy502/instructionimages/participant.png]
[sequencediagram.org/legacy502/instructionimages/actor.png]
[sequencediagram.org/legacy502/instructionimages/boundary.png]
[sequencediagram.org/legacy502/instructionimages/control.png]
[sequencediagram.org/legacy502/instructionimages/database.png]
[sequencediagram.org/legacy502/instructionimages/entity.png]
[sequencediagram.org/legacy502/instructionimages/actorMultiline.png]
[sequencediagram.org/legacy502/instructionimages/participantMultiline.png]
[sequencediagram.org/legacy502/instructionimages/syncreqresp.png]
[sequencediagram.org/legacy502/instructionimages/asyncreqresp.png]
[sequencediagram.org/legacy502/instructionimages/selfmessage.png]
[sequencediagram.org/legacy502/instructionimages/noteover.png]
[sequencediagram.org/legacy502/instructionimages/notesides.png]
[sequencediagram.org/legacy502/instructionimages/boxover.png]
[sequencediagram.org/legacy502/instructionimages/boxsides.png]
[sequencediagram.org/legacy502/instructionimages/aboxover.png]
[sequencediagram.org/legacy502/instructionimages/aboxsides.png]
[sequencediagram.org/legacy502/instructionimages/rboxover.png]
[sequencediagram.org/legacy502/instructionimages/rboxsides.png]
[sequencediagram.org/legacy502/instructionimages/divider.png]
[sequencediagram.org/legacy502/instructionimages/activationcallback.png]
[sequencediagram.org/legacy502/instructionimages/activationselfref.png]
[sequencediagram.org/legacy502/instructionimages/space.png]
[sequencediagram.org/legacy502/instructionimages/opt.png]
[sequencediagram.org/legacy502/instructionimages/alt.png]
[sequencediagram.org/legacy502/instructionimages/loop.png]
[sequencediagram.org/legacy502/instructionimages/par.png]
[sequencediagram.org/legacy502/instructionimages/textstyle.png]
[sequencediagram.org/legacy502/instructionimages/colorparticpant.png]
[sequencediagram.org/legacy502/instructionimages/colordivider.png]
[sequencediagram.org/legacy502/instructionimages/colorboxnote.png]
[sequencediagram.org/legacy502/instructionimages/colormessage.png]
[sequencediagram.org/legacy502/instructionimages/coloractivation.png]
[sequencediagram.org/legacy502/instructionimages/fontfamily.png]
[sequencediagram.org/legacy502/instructionimages/autonumber.png]
[sequencediagram.org/legacy502/instructionimages/linear.png]
[sequencediagram.org/legacy502/instructionimages/parallel.png]
[sequencediagram.org/legacy502/instructionimages/participantspacing.png]
[sequencediagram.org/legacy502/instructionimages/entryspacing.png]
[sequencediagram.org/legacy502/libs/lz-string-LICENSE.txt]
[sequencediagram.org/legacy502/libs/canvas2svg-LICENSE.txt]
[sequencediagram.org/legacy502/index.html]
[sequencediagram.org/legacy502/libs/codemirror-LICENSE.txt]
[sequencediagram.org/legacy471/index6f97.css]
[sequencediagram.org/legacy471/favicon.ico]
[sequencediagram.org/legacy471/all.min6f97.js]
[sequencediagram.org/legacy471/libs/lz-string.min.js]
[sequencediagram.org/legacy471/libs/canvas2svg.min.js]
[sequencediagram.org/legacy471/assets/logo.svg]
[sequencediagram.org/legacy471/paypal/btn_donateCC_LG.png]
[sequencediagram.org/legacy471/assets/instructions.svg]
[sequencediagram.org/legacy471/assets/participant01.svg]
[sequencediagram.org/legacy471/assets/zoomin.svg]
[sequencediagram.org/legacy471/assets/zoomout.svg]
[sequencediagram.org/legacy471/assets/refresh01.svg]
[sequencediagram.org/legacy471/assets/export01.svg]
[sequencediagram.org/legacy471/assets/url.svg]
[sequencediagram.org/legacy471/assets/open.svg]
[sequencediagram.org/legacy471/assets/save.svg]
[sequencediagram.org/legacy471/assets/pnghq.svg]
[sequencediagram.org/legacy471/assets/jpglq.svg]
[sequencediagram.org/legacy471/assets/svg.svg]
[sequencediagram.org/legacy471/assets/info.svg]
[sequencediagram.org/legacy471/releasenotes.txt]
[sequencediagram.org/legacy471/assets/closeicon.png]
[sequencediagram.org/legacy471/instructionimages/largeexample.png]
[sequencediagram.org/legacy471/instructionimages/title.png]
[sequencediagram.org/legacy471/instructionimages/participant.png]
[sequencediagram.org/legacy471/instructionimages/actor.png]
[sequencediagram.org/legacy471/instructionimages/boundary.png]
[sequencediagram.org/legacy471/instructionimages/control.png]
[sequencediagram.org/legacy471/instructionimages/database.png]
[sequencediagram.org/legacy471/instructionimages/entity.png]
[sequencediagram.org/legacy471/instructionimages/actorMultiline.png]
[sequencediagram.org/legacy471/instructionimages/participantMultiline.png]
[sequencediagram.org/legacy471/instructionimages/syncreqresp.png]
[sequencediagram.org/legacy471/instructionimages/asyncreqresp.png]
[sequencediagram.org/legacy471/instructionimages/selfmessage.png]
[sequencediagram.org/legacy471/instructionimages/noteover.png]
[sequencediagram.org/legacy471/instructionimages/notesides.png]
[sequencediagram.org/legacy471/instructionimages/boxover.png]
[sequencediagram.org/legacy471/instructionimages/boxsides.png]
[sequencediagram.org/legacy471/instructionimages/aboxover.png]
[sequencediagram.org/legacy471/instructionimages/aboxsides.png]
[sequencediagram.org/legacy471/instructionimages/rboxover.png]
[sequencediagram.org/legacy471/instructionimages/rboxsides.png]
[sequencediagram.org/legacy471/instructionimages/divider.png]
[sequencediagram.org/legacy471/instructionimages/activationcallback.png]
[sequencediagram.org/legacy471/instructionimages/activationselfref.png]
[sequencediagram.org/legacy471/instructionimages/space.png]
[sequencediagram.org/legacy471/instructionimages/opt.png]
[sequencediagram.org/legacy471/instructionimages/alt.png]
[sequencediagram.org/legacy471/instructionimages/loop.png]
[sequencediagram.org/legacy471/instructionimages/par.png]
[sequencediagram.org/legacy471/instructionimages/textstyle.png]
[sequencediagram.org/legacy471/instructionimages/colorparticpant.png]
[sequencediagram.org/legacy471/instructionimages/colordivider.png]
[sequencediagram.org/legacy471/instructionimages/colorboxnote.png]
[sequencediagram.org/legacy471/instructionimages/colormessage.png]
[sequencediagram.org/legacy471/instructionimages/coloractivation.png]
[sequencediagram.org/legacy471/instructionimages/fontFamily.png]
[sequencediagram.org/legacy471/instructionimages/autonumber.png]
[sequencediagram.org/legacy471/instructionimages/linear.png]
[sequencediagram.org/legacy471/instructionimages/parallel.png]
[sequencediagram.org/legacy471/instructionimages/participantspacing.png]
[sequencediagram.org/legacy471/instructionimages/entryspacing.png]
[sequencediagram.org/legacy471/libs/lz-string-LICENSE.txt]
[sequencediagram.org/legacy471/libs/canvas2svg-LICENSE.txt]
[sequencediagram.org/legacy471/index.html]
[sequencediagram.org/assets/header300.svg]
[sequencediagram.org/legacy651/libs/codemirror.css]
[sequencediagram.org/legacy651/libs/show-hint.css]
[sequencediagram.org/legacy651/libs/fontawesome-webfont.woff]
[sequencediagram.org/legacy651/libs/materialdesignicons-webfont.woff]
[sequencediagram.org/legacy651/indexa5a6.css]
[sequencediagram.org/legacy651/assets/logo.svg]
[sequencediagram.org/legacy651/assets/instructions.svg]
[sequencediagram.org/legacy651/assets/participant01.svg]
[sequencediagram.org/legacy651/assets/zoomin.svg]
[sequencediagram.org/legacy651/assets/zoomout.svg]
[sequencediagram.org/legacy651/assets/export01.svg]
[sequencediagram.org/legacy651/assets/url.svg]
[sequencediagram.org/legacy651/assets/open.svg]
[sequencediagram.org/legacy651/assets/save.svg]
[sequencediagram.org/legacy651/assets/pnghq.svg]
[sequencediagram.org/legacy651/assets/jpglq.svg]
[sequencediagram.org/legacy651/assets/svg.svg]
[sequencediagram.org/legacy651/assets/info.svg]
[sequencediagram.org/legacy651/legacy502/index.html]
[sequencediagram.org/legacy651/legacy471/index.html]
[sequencediagram.org/legacy502/libs/codemirror.css]
[sequencediagram.org/legacy502/libs/show-hint.css]
[sequencediagram.org/legacy651/assets/header300.svg]
[sequencediagram.org/legacy502/index006a.css]
[sequencediagram.org/legacy502/assets/logo.svg]
[sequencediagram.org/legacy502/assets/instructions.svg]
[sequencediagram.org/legacy502/assets/participant01.svg]
[sequencediagram.org/legacy502/assets/zoomin.svg]
[sequencediagram.org/legacy502/assets/zoomout.svg]
[sequencediagram.org/legacy502/assets/export01.svg]
[sequencediagram.org/legacy502/assets/url.svg]
[sequencediagram.org/legacy502/assets/open.svg]
[sequencediagram.org/legacy502/assets/save.svg]
[sequencediagram.org/legacy502/assets/pnghq.svg]
[sequencediagram.org/legacy502/assets/jpglq.svg]
[sequencediagram.org/legacy502/assets/svg.svg]
[sequencediagram.org/legacy502/assets/info.svg]
[sequencediagram.org/legacy502/legacy471/index.html]
[sequencediagram.org/legacy502/assets/header300.svg]
[sequencediagram.org/legacy471/index6f97.css]
[sequencediagram.org/legacy471/assets/logo.svg]
[sequencediagram.org/legacy471/assets/instructions.svg]
[sequencediagram.org/legacy471/assets/participant01.svg]
[sequencediagram.org/legacy471/assets/zoomin.svg]
[sequencediagram.org/legacy471/assets/zoomout.svg]
[sequencediagram.org/legacy471/assets/refresh01.svg]
[sequencediagram.org/legacy471/assets/export01.svg]
[sequencediagram.org/legacy471/assets/url.svg]
[sequencediagram.org/legacy471/assets/open.svg]
[sequencediagram.org/legacy471/assets/save.svg]
[sequencediagram.org/legacy471/assets/pnghq.svg]
[sequencediagram.org/legacy471/assets/jpglq.svg]
[sequencediagram.org/legacy471/assets/svg.svg]
[sequencediagram.org/legacy471/assets/info.svg]
[sequencediagram.org/legacy471/libs/lz-string-LICENSE.html]
[sequencediagram.org/legacy471/libs/canvas2svg-LICENSE.html]
[sequencediagram.org/legacy651/assets/header300.svg]
[sequencediagram.org/legacy502/assets/header300.svg]
[sequencediagram.org/legacy471/assets/header300.svg]
[sequencediagram.org/legacy471/assets/header300.svg]
